/home/runner/work/java-selenium-cucumber/java-selenium-cucumber/src/test/java/Models/Data.java
/home/runner/work/java-selenium-cucumber/java-selenium-cucumber/src/test/java/Models/Devices.java
/home/runner/work/java-selenium-cucumber/java-selenium-cucumber/src/test/java/PageModels/LoginPage.java
/home/runner/work/java-selenium-cucumber/java-selenium-cucumber/src/test/java/Utilities/BrowserFactory.java
/home/runner/work/java-selenium-cucumber/java-selenium-cucumber/src/test/java/Utilities/Config.java
/home/runner/work/java-selenium-cucumber/java-selenium-cucumber/src/test/java/Utilities/ExcelReader.java
/home/runner/work/java-selenium-cucumber/java-selenium-cucumber/src/test/java/Utilities/PropertiesCache.java
/home/runner/work/java-selenium-cucumber/java-selenium-cucumber/src/test/java/Utilities/SeleniumUtils.java
/home/runner/work/java-selenium-cucumber/java-selenium-cucumber/src/test/java/runner/TestRunner.java
/home/runner/work/java-selenium-cucumber/java-selenium-cucumber/src/test/java/selenium_java_cucumber/AppTest.java
/home/runner/work/java-selenium-cucumber/java-selenium-cucumber/src/test/java/stepdefinitions/APIsteps.java
/home/runner/work/java-selenium-cucumber/java-selenium-cucumber/src/test/java/stepdefinitions/LoginUISteps.java
